<html>
<body>
<pre>
<h1>µVision Build Log</h1>
<h2>Project:</h2>
E:\ARM\lm3s8962projects\ScreenSaver\Project\Keil\ScreenSaver.uvproj
Project File Date:  04/22/2013

<h2>Output:</h2>
Build target 'ScreenSaver'
compiling main.c...
..\..\Source\App\Src\main.c(30): error:  #5: cannot open source input file "lwiplib.h": No such file or directory
compiling screen_saver.c...
..\..\Source\App\Src\screen_saver.c(25): error:  #5: cannot open source input file "inc/hw_memmap.h": No such file or directory
assembling Startup_rvmdk.s...
compiling rit128x96x4.c...
compiling uartstdio.c...
..\..\Source\Utils\Src\uartstdio.c(29): error:  #5: cannot open source input file "uartstdio.h": No such file or directory
compiling ustdlib.c...
..\..\Source\Utils\Src\ustdlib.c(20): error:  #5: cannot open source input file "ustdlib.h": No such file or directory
Target not created
Build target 'ScreenSaver'
compiling main.c...
..\..\Source\App\Src\main.c(32): error:  #5: cannot open source input file "images.h": No such file or directory
compiling screen_saver.c...
..\..\Source\App\Src\screen_saver.c(24): error:  #5: cannot open source input file "audio.h": No such file or directory
assembling Startup_rvmdk.s...
compiling rit128x96x4.c...
compiling uartstdio.c...
..\..\Source\Utils\Src\uartstdio.c(29): error:  #5: cannot open source input file "uartstdio.h": No such file or directory
compiling ustdlib.c...
..\..\Source\Utils\Src\ustdlib.c(20): error:  #5: cannot open source input file "ustdlib.h": No such file or directory
Target not created
Build target 'ScreenSaver'
compiling main.c...
..\..\Source\App\Src\main.c(33): error:  #5: cannot open source input file "random.h": No such file or directory
compiling screen_saver.c...
..\..\Source\App\Src\screen_saver.c(27): error:  #5: cannot open source input file "random.h": No such file or directory
assembling Startup_rvmdk.s...
compiling rit128x96x4.c...
compiling uartstdio.c...
compiling ustdlib.c...
Target not created
Build target 'ScreenSaver'
compiling main.c...
..\..\Source\App\Src\main.c(35): error:  #5: cannot open source input file "sounds.h": No such file or directory
compiling screen_saver.c...
..\..\Source\App\Src\screen_saver.c(426): warning:  #223-D: function "AudioOff" declared implicitly
..\..\Source\App\Src\screen_saver.c(479): warning:  #223-D: function "CANUpdateTargetLED" declared implicitly
..\..\Source\App\Src\screen_saver.c(497): warning:  #223-D: function "CANUpdateTargetLED" declared implicitly
compiling random.c...
assembling Startup_rvmdk.s...
compiling rit128x96x4.c...
compiling uartstdio.c...
compiling ustdlib.c...
Target not created
Build target 'ScreenSaver'
compiling main.c...
compiling screen_saver.c...
compiling random.c...
assembling Startup_rvmdk.s...
compiling rit128x96x4.c...
compiling uartstdio.c...
compiling ustdlib.c...
linking...
Program Size: Code=6090 RO-data=766 RW-data=44 ZI-data=6684  
FromELF: creating hex file...
"..\..\Output\ScreenSaver.axf" - 0 Error(s), 0 Warning(s).
Load "..\\..\\Output\\ScreenSaver.AXF" 
Connecting: Mode=JTAG, Speed=1000000Hz
Erase Done.
Programming Done.
Verify OK.
Build target 'ScreenSaver'
compiling main.c...
compiling screen_saver.c...
compiling random.c...
assembling Startup_rvmdk.s...
compiling rit128x96x4.c...
compiling uartstdio.c...
compiling ustdlib.c...
linking...
Program Size: Code=6090 RO-data=766 RW-data=44 ZI-data=6940  
FromELF: creating hex file...
"..\..\Output\ScreenSaver.axf" - 0 Error(s), 0 Warning(s).
Load "..\\..\\Output\\ScreenSaver.AXF" 
Connecting: Mode=JTAG, Speed=1000000Hz
Erase Done.
Programming Done.
Verify OK.
